<?xml version="1.0" encoding="UTF-8"?>
<config>
    <error line="6"/>
    <error line="13"/>
    <error line="22"/>
    <error line="23"/>
</config>
