<?xml version="1.0" encoding="UTF-8"?>
<config>
    <skipped/>
    <run method="_checkAspTagsOn"/>
    <error line="1"/>
</config>
