<?xml version="1.0" encoding="UTF-8"?>
<config>
    <skipped />
    <error line="2"/>
</config>
